[19:37:30] [main/INFO] (FabricLoader/GameProvider) Loading Minecraft 1.21.11 with Fabric Loader 0.19.3
[19:37:30] [main/INFO] (FabricLoader) Loading 8 mods:
	- fabric-api-base 1.0.5+4ebb5c083e
	- fabric-resource-loader-v1 1.0.10+78c8b4663e
	- fabricloader 0.19.3
	- java 21
	- meteor-client 1.21.11-85
	- minecraft 1.21.11
	- mixinextras 0.5.4
	- new 0.2.0+mc1.21.11
[19:37:30] [main/INFO] (FabricLoader/Mixin) SpongePowered MIXIN Subsystem Version=0.8.7 Source=file:/C:/Users/utilisateur/.gradle/caches/modules-2/files-2.1/net.fabricmc/sponge-mixin/0.17.3+mixin.0.8.7/41c4a3984a80f4679e759fb9f495587acc5cdac7/sponge-mixin-0.17.3+mixin.0.8.7.jar Service=Knot/Fabric Env=CLIENT
[19:37:30] [main/INFO] (FabricLoader/Mixin) Loaded Fabric development mappings for mixin remapper!
[19:37:30] [main/INFO] (FabricLoader/Mixin) Compatibility level set to JAVA_21
[19:37:30] [main/WARN] (FabricLoader/Mixin) Error loading class: baritone/command/defaults/ComeCommand (java.lang.ClassNotFoundException: baritone/command/defaults/ComeCommand)
[19:37:30] [main/WARN] (FabricLoader/Mixin) @Mixin target baritone.command.defaults.ComeCommand was not found meteor-client-baritone.mixins.json:ComeCommandMixin from mod meteor-client
[19:37:31] [main/INFO] (FabricLoader/MixinExtras|Service) Initializing MixinExtras via com.llamalad7.mixinextras.service.MixinExtrasServiceImpl(version=0.5.4).
[19:37:31] [Datafixer Bootstrap/INFO] (Minecraft) 287 Datafixer optimizations took 310 milliseconds
[19:37:36] [Render thread/INFO] (Minecraft) Environment: Environment[sessionHost=https://sessionserver.mojang.com, servicesHost=https://api.minecraftservices.com, profilesHost=https://api.mojang.com, name=PROD]
[19:37:36] [Render thread/INFO] (Minecraft) Setting user: SaltyNew
[19:37:36] [Render thread/INFO] (Minecraft) Backend library: LWJGL version 3.3.3-snapshot
[19:37:37] [Download-2/ERROR] (Minecraft) Failed to fetch user properties
com.mojang.authlib.exceptions.InvalidCredentialsException: Status: 401
	at knot//com.mojang.authlib.exceptions.MinecraftClientHttpException.toAuthenticationException(MinecraftClientHttpException.java:59)
	at knot//com.mojang.authlib.yggdrasil.YggdrasilUserApiService.fetchProperties(YggdrasilUserApiService.java:150)
	at knot//net.minecraft.client.Minecraft.method_55608(Minecraft.java:457)
	at java.base/java.util.concurrent.CompletableFuture$AsyncSupply.run(CompletableFuture.java:1768)
	at java.base/java.util.concurrent.ThreadPoolExecutor.runWorker(ThreadPoolExecutor.java:1144)
	at java.base/java.util.concurrent.ThreadPoolExecutor$Worker.run(ThreadPoolExecutor.java:642)
	at java.base/java.lang.Thread.run(Thread.java:1583)
Caused by: com.mojang.authlib.exceptions.MinecraftClientHttpException: Status: 401
	at knot//com.mojang.authlib.minecraft.client.MinecraftClient.readInputStream(MinecraftClient.java:103)
	at knot//com.mojang.authlib.minecraft.client.MinecraftClient.get(MinecraftClient.java:56)
	at knot//com.mojang.authlib.yggdrasil.YggdrasilUserApiService.fetchProperties(YggdrasilUserApiService.java:121)
	... 5 more
[19:37:37] [Render thread/INFO] (Minecraft) Using optional rendering extensions: GL_ARB_buffer_storage, GL_KHR_debug, GL_ARB_vertex_attrib_binding, GL_ARB_direct_state_access, GL_EXT_texture_filter_anisotropic
[19:37:37] [Render thread/INFO] (Minecraft) Reloading ResourceManager: vanilla, fabric-api-base, fabric-resource-loader-v1, fabricloader, meteor-client
[19:37:37] [Download-2/INFO] (Minecraft) Could not authorize you against Realms server: java.lang.RuntimeException: Failed to parse into SignedJWT: FabricMC
[19:37:37] [Render thread/INFO] (Meteor Client) Force loading mixins
[19:37:37] [Render thread/INFO] (FabricLoader/Mixin/audit) Force-loading class net.minecraft.client.multiplayer.ClientChunkCache
[19:37:37] [Download-2/ERROR] (Minecraft) Failed to fetch Realms feature flags
com.mojang.realmsclient.exception.RealmsServiceException: Realms authentication error with message 'java.lang.RuntimeException: Failed to parse into SignedJWT: FabricMC'
	at knot//com.mojang.realmsclient.client.RealmsClient.execute(RealmsClient.java:526)
	at knot//com.mojang.realmsclient.client.RealmsClient.fetchFeatureFlags(RealmsClient.java:186)
	at java.base/java.util.concurrent.CompletableFuture$AsyncSupply.run(CompletableFuture.java:1768)
	at java.base/java.util.concurrent.ThreadPoolExecutor.runWorker(ThreadPoolExecutor.java:1144)
	at java.base/java.util.concurrent.ThreadPoolExecutor$Worker.run(ThreadPoolExecutor.java:642)
	at java.base/java.lang.Thread.run(Thread.java:1583)
[19:37:37] [Render thread/INFO] (FabricLoader/Mixin/audit) Force-loading class net.minecraft.client.multiplayer.ClientChunkCache$Storage
[19:37:37] [Render thread/INFO] (FabricLoader/Mixin/audit) Force-loading class net.minecraft.client.renderer.chunk.VisGraph
[19:37:37] [Worker-Main-28/INFO] (Minecraft) Found unifont_all_no_pua-17.0.01.hex, loading
[19:37:37] [Worker-Main-31/INFO] (Minecraft) Found unifont_pua-17.0.01.hex, loading
[19:37:37] [Worker-Main-20/INFO] (Minecraft) Found unifont_jp_patch-17.0.01.hex, loading
[19:37:37] [Render thread/INFO] (FabricLoader/Mixin/audit) Force-loading class net.minecraft.world.inventory.AbstractMountInventoryMenu
[19:37:37] [Render thread/INFO] (FabricLoader/Mixin/audit) Force-loading class net.minecraft.network.Connection
[19:37:37] [Render thread/INFO] (FabricLoader/Mixin/audit) Force-loading class net.minecraft.server.network.config.SynchronizeRegistriesTask
[19:37:37] [Render thread/INFO] (FabricLoader/Mixin/audit) Force-loading class net.minecraft.client.gui.components.ChatComponent$DrawingFocusedGraphicsAccess
[19:37:37] [Render thread/INFO] (FabricLoader/Mixin/audit) Force-loading class net.minecraft.network.protocol.BundlerInfo$1$1
[19:37:37] [Render thread/INFO] (FabricLoader/Mixin/audit) Force-loading class net.minecraft.client.renderer.blockentity.BannerRenderer
[19:37:37] [Render thread/INFO] (FabricLoader/Mixin/audit) Force-loading class net.minecraft.network.protocol.game.ClientboundExplodePacket
[19:37:37] [Render thread/INFO] (FabricLoader/Mixin/audit) Force-loading class net.minecraft.client.renderer.blockentity.SpawnerRenderer
[19:37:37] [Render thread/INFO] (FabricLoader/Mixin/audit) Force-loading class net.minecraft.network.protocol.configuration.ServerboundSelectKnownPacks
[19:37:37] [Render thread/INFO] (FabricLoader/Mixin/audit) Force-loading class net.minecraft.client.GuiMessage$Line
[19:37:37] [Render thread/INFO] (FabricLoader/Mixin/audit) Force-loading class net.minecraft.world.entity.projectile.ProjectileUtil
[19:37:37] [Render thread/INFO] (FabricLoader/Mixin/audit) Force-loading class net.minecraft.client.multiplayer.resolver.AddressCheck
[19:37:37] [Render thread/INFO] (FabricLoader/Mixin/audit) Force-loading class net.minecraft.client.particle.FireworkParticles$Starter
[19:37:37] [Render thread/INFO] (FabricLoader/Mixin/audit) Force-loading class net.minecraft.client.renderer.blockentity.BeaconRenderer
[19:37:37] [Render thread/INFO] (FabricLoader/Mixin/audit) Force-loading class net.minecraft.client.gui.screens.inventory.BookViewScreen
[19:37:37] [Render thread/INFO] (FabricLoader/Mixin/audit) Force-loading class net.minecraft.client.gui.screens.inventory.BrewingStandScreen
[19:37:37] [Render thread/INFO] (FabricLoader/Mixin/audit) Force-loading class net.minecraft.client.gui.BundleMouseActions
[19:37:37] [Render thread/INFO] (FabricLoader/Mixin/audit) Force-loading class net.minecraft.client.multiplayer.MultiPlayerGameMode
[19:37:37] [Render thread/INFO] (FabricLoader/Mixin/audit) Force-loading class net.minecraft.client.gui.screens.inventory.BeaconScreen
[19:37:37] [Render thread/INFO] (FabricLoader/Mixin/audit) Force-loading class net.minecraft.client.renderer.entity.layers.CapeLayer
[19:37:38] [Render thread/INFO] (FabricLoader/Mixin/audit) Force-loading class net.minecraft.client.gui.screens.inventory.BookEditScreen
[19:37:38] [Render thread/INFO] (FabricLoader/Mixin/audit) Force-loading class net.minecraft.network.protocol.game.ServerboundMovePlayerPacket
[19:37:38] [Render thread/INFO] (FabricLoader/Mixin/audit) Force-loading class net.minecraft.server.ServerAdvancementManager
[19:37:38] [Render thread/INFO] (FabricLoader/Mixin/audit) Force-loading class net.minecraft.world.level.entity.LevelEntityGetterAdapter
[19:37:38] [Render thread/INFO] (FabricLoader/Mixin/audit) Force-loading class net.minecraft.client.renderer.BiomeColors
[19:37:38] [Render thread/INFO] (FabricLoader/Mixin/audit) Force-loading class net.minecraft.client.gui.GuiGraphics
[19:37:38] [Render thread/INFO] (FabricLoader/Mixin/audit) Force-loading class net.minecraft.client.gui.components.ChatComponent$DrawingBackgroundGraphicsAccess
[19:37:38] [Render thread/INFO] (FabricLoader/Mixin/audit) Force-loading class net.minecraft.client.multiplayer.KnownPacksManager
[19:37:38] [Render thread/INFO] (FabricLoader/Mixin/audit) Force-loading class net.minecraft.client.renderer.ItemBlockRenderTypes
[19:37:38] [Render thread/INFO] (FabricLoader/Mixin/audit) Force-loading class net.minecraft.server.commands.DataPackCommand
[19:37:38] [Render thread/INFO] (FabricLoader/Mixin/audit) Force-loading class net.minecraft.client.gui.screens.packs.PackSelectionModel
[19:37:38] [Render thread/INFO] (FabricLoader/Mixin/audit) Force-loading class net.minecraft.network.protocol.game.ClientboundSetEntityMotionPacket
[19:37:38] [Render thread/INFO] (FabricLoader/Mixin/audit) Force-loading class net.minecraft.gametest.framework.GameTestServer
[19:37:38] [Render thread/INFO] (FabricLoader/Mixin/audit) Force-loading class net.minecraft.client.renderer.blockentity.AbstractSignRenderer
[19:37:38] [Render thread/INFO] (FabricLoader/Mixin/audit) Force-loading class net.minecraft.network.protocol.game.ServerboundInteractPacket
[19:37:38] [Render thread/INFO] (FabricLoader/Mixin/audit) Force-loading class net.minecraft.client.gui.screens.ConnectScreen
[19:37:38] [Render thread/INFO] (FabricLoader/Mixin/audit) Force-loading class net.minecraft.world.item.crafting.RecipeManager
[19:37:38] [Render thread/INFO] (FabricLoader/Mixin/audit) Force-loading class net.minecraft.client.renderer.LevelRenderer$BrightnessGetter
[19:37:38] [Render thread/INFO] (FabricLoader/Mixin/audit) Force-loading class net.minecraft.server.ReloadableServerResources
[19:37:38] [Render thread/INFO] (FabricLoader/Mixin/audit) Force-loading class net.minecraft.client.renderer.entity.LightningBoltRenderer
[19:37:38] [Render thread/INFO] (FabricLoader/Mixin/audit) Force-loading class net.minecraft.client.renderer.entity.layers.CustomHeadLayer
[19:37:38] [Render thread/INFO] (FabricLoader/Mixin/audit) Force-loading class net.minecraft.client.gui.components.ChatComponent$1
[19:37:38] [Render thread/INFO] (FabricLoader/Mixin/audit) Force-loading class net.minecraft.client.renderer.entity.ItemEntityRenderer
[19:37:38] [Render thread/INFO] (FabricLoader/Mixin/audit) Force-loading class net.minecraft.client.gui.screens.packs.TransferableSelectionList$PackEntry
[19:37:38] [Render thread/INFO] (FabricLoader/Mixin/audit) Force-loading class net.minecraft.client.gui.screens.inventory.CreativeModeInventoryScreen
[19:37:38] [Render thread/INFO] (FabricLoader/Mixin/audit) Force-loading class net.minecraft.world.food.FoodData
[19:37:38] [Render thread/INFO] (FabricLoader/Mixin/audit) Force-loading class net.minecraft.client.renderer.entity.EndCrystalRenderer
[19:37:38] [Render thread/INFO] (FabricLoader/Mixin/audit) Force-loading class net.minecraft.client.player.KeyboardInput
[19:37:38] [Render thread/INFO] (FabricLoader/Mixin/audit) Force-loading class net.minecraft.client.multiplayer.ClientPacketListener
[19:37:38] [Render thread/INFO] (FabricLoader/Mixin/audit) Force-loading class net.minecraft.client.renderer.SkyRenderer
[19:37:38] [Render thread/INFO] (FabricLoader/Mixin/audit) Force-loading class net.minecraft.client.gui.screens.DisconnectedScreen
[19:37:38] [Render thread/INFO] (FabricLoader/Mixin/audit) Force-loading class net.minecraft.client.renderer.entity.ArmorStandRenderer
[19:37:38] [Render thread/INFO] (FabricLoader/Mixin/audit) Force-loading class net.minecraft.client.renderer.entity.layers.WingsLayer
[19:37:38] [Render thread/INFO] (FabricLoader/Mixin/audit) Force-loading class net.minecraft.world.level.ClipContext
[19:37:38] [Render thread/INFO] (FabricLoader/Mixin/audit) Force-loading class net.minecraft.world.level.border.WorldBorder
[19:37:38] [Render thread/INFO] (FabricLoader/Mixin/audit) Force-loading class net.minecraft.client.renderer.debug.EntityHitboxDebugRenderer
[19:37:38] [Render thread/INFO] (FabricLoader/Mixin/audit) Force-loading class net.minecraft.client.renderer.debug.ChunkBorderRenderer
[19:37:38] [Render thread/INFO] (FabricLoader/Mixin/audit) Force-loading class net.minecraft.world.level.entity.EntitySection
[19:37:38] [Render thread/INFO] (FabricLoader/Mixin/audit) Force-loading class net.minecraft.world.level.BlockCollisions
[19:37:38] [Render thread/INFO] (FabricLoader/Mixin/audit) Force-loading class net.minecraft.client.GuiMessage
[19:37:38] [Render thread/INFO] (FabricLoader/Mixin/audit) Force-loading class net.minecraft.client.model.object.crystal.EndCrystalModel
[19:37:38] [Render thread/INFO] (FabricLoader/Mixin/audit) Force-loading class net.minecraft.client.renderer.block.LiquidBlockRenderer
[19:37:38] [Render thread/INFO] (FabricLoader/Mixin/audit) Force-loading class net.minecraft.client.gui.screens.worldselection.CreateWorldScreen
[19:37:38] [Render thread/INFO] (FabricLoader/Mixin/audit) Force-loading class net.minecraft.client.gui.screens.inventory.AbstractSignEditScreen
[19:37:38] [Render thread/INFO] (FabricLoader/Mixin/audit) Force-loading class net.minecraft.client.gui.screens.inventory.CreativeModeInventoryScreen$SlotWrapper
[19:37:38] [Render thread/INFO] (FabricLoader/Mixin/audit) Force-loading class net.minecraft.client.gui.components.CommandSuggestions
[19:37:38] [Render thread/INFO] (FabricLoader/Mixin/audit) Force-loading class net.minecraft.client.renderer.entity.layers.HumanoidArmorLayer
[19:37:38] [Render thread/INFO] (FabricLoader/Mixin/audit) Force-loading class net.minecraft.server.dedicated.DedicatedServerProperties
[19:37:38] [Render thread/INFO] (FabricLoader/Mixin/audit) Force-loading class net.minecraft.client.renderer.blockentity.EnchantTableRenderer
[19:37:38] [Render thread/INFO] (FabricLoader/Mixin/audit) Force-loading class net.minecraft.client.gui.screens.inventory.AbstractFurnaceScreen
[19:37:38] [Render thread/INFO] (FabricLoader/Mixin/audit) Force-loading class net.minecraft.server.ServerFunctionLibrary
[19:37:38] [Render thread/INFO] (FabricLoader/Mixin/audit) Force-loading class net.minecraft.server.network.ServerConfigurationPacketListenerImpl
[19:37:38] [Render thread/INFO] (FabricLoader/Mixin/audit) Force-loading class net.minecraft.client.gui.screens.inventory.tooltip.ClientTooltipComponent
[19:37:38] [Render thread/INFO] (FabricLoader/Mixin/audit) Force-loading class net.minecraft.world.level.entity.EntitySectionStorage
[19:37:38] [Render thread/INFO] (Meteor Client) Initializing Meteor Client
[19:37:38] [Render thread/INFO] (Reflections) Reflections took 280 ms to scan 1 urls, producing 27 keys and 1019 values
[19:37:38] [Render thread/INFO] (Reflections) Reflections took 11 ms to scan 1 urls, producing 1 keys and 6 values
[19:37:39] [Render thread/INFO] (Meteor Client) Found 69 font families.
[19:37:39] [Render thread/INFO] (Meteor Client) Path Manager: none
[19:37:39] [Render thread/INFO] (New) New addon initializing...
[19:37:39] [Render thread/INFO] (Meteor Client) Loading
[19:37:39] [Render thread/INFO] (Meteor Client) Loaded in 12 milliseconds
[19:37:39] [Render thread/INFO] (Minecraft) OpenAL initialized on device OpenAL Soft on Voicemeeter Input (VB-Audio Voicemeeter VAIO)
[19:37:39] [Render thread/INFO] (Minecraft) Sound engine started
[19:37:39] [Render thread/INFO] (Minecraft) Created: 512x256x0 minecraft:textures/atlas/particles.png-atlas
[19:37:39] [Render thread/INFO] (Minecraft) Created: 128x128x0 minecraft:textures/atlas/decorated_pot.png-atlas
[19:37:39] [Render thread/INFO] (Minecraft) Created: 2048x1024x0 minecraft:textures/atlas/armor_trims.png-atlas
[19:37:39] [Render thread/INFO] (Minecraft) Created: 512x256x0 minecraft:textures/atlas/paintings.png-atlas
[19:37:39] [Render thread/INFO] (Minecraft) Created: 1024x512x0 minecraft:textures/atlas/shield_patterns.png-atlas
[19:37:39] [Render thread/INFO] (Minecraft) Created: 2048x2048x4 minecraft:textures/atlas/blocks.png-atlas
[19:37:39] [Render thread/INFO] (Minecraft) Created: 512x512x0 minecraft:textures/atlas/chest.png-atlas
[19:37:39] [Render thread/INFO] (Minecraft) Created: 256x128x0 minecraft:textures/atlas/celestials.png-atlas
[19:37:39] [Render thread/INFO] (Minecraft) Created: 1024x512x0 minecraft:textures/atlas/banner_patterns.png-atlas
[19:37:39] [Render thread/INFO] (Minecraft) Created: 512x512x0 minecraft:textures/atlas/beds.png-atlas
[19:37:39] [Render thread/INFO] (Minecraft) Created: 1024x512x0 minecraft:textures/atlas/items.png-atlas
[19:37:39] [Render thread/INFO] (Minecraft) Created: 1024x1024x0 minecraft:textures/atlas/gui.png-atlas
[19:37:39] [Render thread/INFO] (Minecraft) Created: 128x64x0 minecraft:textures/atlas/map_decorations.png-atlas
[19:37:39] [Render thread/INFO] (Minecraft) Created: 512x256x0 minecraft:textures/atlas/signs.png-atlas
[19:37:39] [Render thread/INFO] (Minecraft) Created: 512x512x0 minecraft:textures/atlas/shulker_boxes.png-atlas
[19:37:46] [IO-Worker-1/INFO] (Minecraft) Could not authorize you against Realms server: java.lang.RuntimeException: Failed to parse into SignedJWT: FabricMC
[19:37:46] [IO-Worker-1/ERROR] (Minecraft) Couldn't connect to realms
com.mojang.realmsclient.exception.RealmsServiceException: Realms authentication error with message 'java.lang.RuntimeException: Failed to parse into SignedJWT: FabricMC'
	at knot//com.mojang.realmsclient.client.RealmsClient.execute(RealmsClient.java:526)
	at knot//com.mojang.realmsclient.client.RealmsClient.clientCompatible(RealmsClient.java:307)
	at knot//com.mojang.realmsclient.RealmsAvailability.method_52627(RealmsAvailability.java:48)
	at java.base/java.util.concurrent.CompletableFuture$AsyncSupply.run(CompletableFuture.java:1768)
	at java.base/java.util.concurrent.ThreadPoolExecutor.runWorker(ThreadPoolExecutor.java:1144)
	at java.base/java.util.concurrent.ThreadPoolExecutor$Worker.run(ThreadPoolExecutor.java:642)
	at java.base/java.lang.Thread.run(Thread.java:1583)
[19:38:44] [Render thread/INFO] (Minecraft) Loaded 1470 recipes
[19:38:45] [Render thread/INFO] (Minecraft) Loaded 1584 advancements
[19:38:55] [Render thread/INFO] (Minecraft) Loaded 1470 recipes
[19:38:55] [Render thread/INFO] (Minecraft) Loaded 1584 advancements
[19:39:05] [Render thread/INFO] (Minecraft) Connecting to 10.148.101.192, 52270
[19:39:05] [Download-3/ERROR] (Minecraft) Failed to retrieve profile key pair
com.mojang.authlib.exceptions.MinecraftClientHttpException: Status: 401
	at knot//com.mojang.authlib.minecraft.client.MinecraftClient.readInputStream(MinecraftClient.java:103)
	at knot//com.mojang.authlib.minecraft.client.MinecraftClient.post(MinecraftClient.java:64)
	at knot//com.mojang.authlib.yggdrasil.YggdrasilUserApiService.getKeyPair(YggdrasilUserApiService.java:61)
	at knot//net.minecraft.client.multiplayer.AccountProfileKeyPairManager.fetchProfileKeyPair(AccountProfileKeyPairManager.java:128)
	at knot//net.minecraft.client.multiplayer.AccountProfileKeyPairManager.method_44291(AccountProfileKeyPairManager.java:77)
	at java.base/java.util.concurrent.CompletableFuture$AsyncSupply.run(CompletableFuture.java:1768)
	at java.base/java.util.concurrent.ThreadPoolExecutor.runWorker(ThreadPoolExecutor.java:1144)
	at java.base/java.util.concurrent.ThreadPoolExecutor$Worker.run(ThreadPoolExecutor.java:642)
	at java.base/java.lang.Thread.run(Thread.java:1583)
[19:39:05] [IO-Worker-1/WARN] (Minecraft) Failed to log in: Invalid session (Try restarting your game and the launcher)
[19:39:06] [Render thread/INFO] (Minecraft) Loaded 2 advancements
[19:39:06] [Render thread/INFO] (Minecraft) Resizing Dynamic Transforms UBO, capacity limit of 2 reached during a single frame. New capacity will be 4.
[19:39:06] [Download-3/ERROR] (Minecraft) Failed to retrieve profile key pair
com.mojang.authlib.exceptions.MinecraftClientHttpException: Status: 401
	at knot//com.mojang.authlib.minecraft.client.MinecraftClient.readInputStream(MinecraftClient.java:103)
	at knot//com.mojang.authlib.minecraft.client.MinecraftClient.post(MinecraftClient.java:64)
	at knot//com.mojang.authlib.yggdrasil.YggdrasilUserApiService.getKeyPair(YggdrasilUserApiService.java:61)
	at knot//net.minecraft.client.multiplayer.AccountProfileKeyPairManager.fetchProfileKeyPair(AccountProfileKeyPairManager.java:128)
	at knot//net.minecraft.client.multiplayer.AccountProfileKeyPairManager.method_44291(AccountProfileKeyPairManager.java:77)
	at java.base/java.util.concurrent.CompletableFuture$AsyncSupply.run(CompletableFuture.java:1768)
	at java.base/java.util.concurrent.ThreadPoolExecutor.runWorker(ThreadPoolExecutor.java:1144)
	at java.base/java.util.concurrent.ThreadPoolExecutor$Worker.run(ThreadPoolExecutor.java:642)
	at java.base/java.lang.Thread.run(Thread.java:1583)
[19:39:06] [Render thread/INFO] (Minecraft) Resizing Dynamic Transforms UBO, capacity limit of 4 reached during a single frame. New capacity will be 8.
[19:39:06] [Render thread/INFO] (Minecraft) Resizing Chunk Sections UBO, capacity limit of 2 reached during a single frame. New capacity will be 8.
[19:39:06] [Render thread/INFO] (Minecraft) Resizing Chunk Sections UBO, capacity limit of 8 reached during a single frame. New capacity will be 16.
[19:39:06] [Render thread/INFO] (Minecraft) Resizing Chunk Sections UBO, capacity limit of 16 reached during a single frame. New capacity will be 32.
[19:39:07] [Render thread/INFO] (Minecraft) Resizing Chunk Sections UBO, capacity limit of 32 reached during a single frame. New capacity will be 64.
[19:39:07] [Render thread/INFO] (Minecraft) Resizing Chunk Sections UBO, capacity limit of 64 reached during a single frame. New capacity will be 128.
[19:39:07] [Render thread/INFO] (Minecraft) Resizing Chunk Sections UBO, capacity limit of 128 reached during a single frame. New capacity will be 256.
[19:39:08] [Render thread/INFO] (Minecraft) Resizing Chunk Sections UBO, capacity limit of 256 reached during a single frame. New capacity will be 512.
[19:39:15] [Render thread/INFO] (Minecraft) [System] [CHAT] [Shamallow_: Set own game mode to Creative Mode]
[19:40:33] [Render thread/INFO] (Minecraft) Resizing Dynamic Transforms UBO, capacity limit of 8 reached during a single frame. New capacity will be 16.
[19:40:35] [Render thread/INFO] (Minecraft) Loaded 4 advancements
[19:40:44] [Render thread/INFO] (Minecraft) Loaded 5 advancements
[19:40:49] [Render thread/INFO] (Minecraft) Loaded 19 advancements
[19:41:09] [Render thread/INFO] (Minecraft) Resizing Meteor - Mesh UBO, capacity limit of 16 reached during a single frame. New capacity will be 32.
[19:41:09] [Render thread/INFO] (Minecraft) Resizing Meteor - Mesh UBO, capacity limit of 32 reached during a single frame. New capacity will be 64.
[19:45:14] [Render thread/INFO] (Minecraft) [System] [CHAT] Shamallow_ left the game
[19:45:14] [Render thread/INFO] (Meteor Client) Saving
[19:45:14] [Render thread/INFO] (Meteor Client) Saved in 71 milliseconds.
[19:45:14] [Render thread/WARN] (Minecraft) Client disconnected with reason: Disconnected
[19:45:24] [Render thread/INFO] (Minecraft) Connecting to 10.148.101.192, 52270
[19:45:24] [Download-8/ERROR] (Minecraft) Failed to retrieve profile key pair
com.mojang.authlib.exceptions.MinecraftClientHttpException: Status: 401
	at knot//com.mojang.authlib.minecraft.client.MinecraftClient.readInputStream(MinecraftClient.java:103)
	at knot//com.mojang.authlib.minecraft.client.MinecraftClient.post(MinecraftClient.java:64)
	at knot//com.mojang.authlib.yggdrasil.YggdrasilUserApiService.getKeyPair(YggdrasilUserApiService.java:61)
	at knot//net.minecraft.client.multiplayer.AccountProfileKeyPairManager.fetchProfileKeyPair(AccountProfileKeyPairManager.java:128)
	at knot//net.minecraft.client.multiplayer.AccountProfileKeyPairManager.method_44291(AccountProfileKeyPairManager.java:77)
	at java.base/java.util.concurrent.CompletableFuture$AsyncSupply.run(CompletableFuture.java:1768)
	at java.base/java.util.concurrent.ThreadPoolExecutor.runWorker(ThreadPoolExecutor.java:1144)
	at java.base/java.util.concurrent.ThreadPoolExecutor$Worker.run(ThreadPoolExecutor.java:642)
	at java.base/java.lang.Thread.run(Thread.java:1583)
[19:45:26] [Server Connector #2/ERROR] (Minecraft) Couldn't connect to server
io.netty.channel.AbstractChannel$AnnotatedConnectException: Connection refused: getsockopt: /10.148.101.192:52270
	Suppressed: java.util.concurrent.CompletionException: Rethrowing promise failure cause
		at knot//io.netty.util.concurrent.DefaultPromise.rethrowIfFailed(DefaultPromise.java:686)
		at knot//io.netty.util.concurrent.DefaultPromise.syncUninterruptibly(DefaultPromise.java:427)
		at knot//io.netty.channel.DefaultChannelPromise.syncUninterruptibly(DefaultChannelPromise.java:125)
		at knot//io.netty.channel.DefaultChannelPromise.syncUninterruptibly(DefaultChannelPromise.java:30)
		at knot//net.minecraft.client.gui.screens.ConnectScreen$1.run(ConnectScreen.java:115)
Caused by: java.net.ConnectException: Connection refused: getsockopt
	at java.base/sun.nio.ch.Net.pollConnect(Native Method)
	at java.base/sun.nio.ch.Net.pollConnectNow(Net.java:682)
	at java.base/sun.nio.ch.SocketChannelImpl.finishConnect(SocketChannelImpl.java:973)
	at knot//io.netty.channel.socket.nio.NioSocketChannel.doFinishConnect(NioSocketChannel.java:330)
	at knot//io.netty.channel.nio.AbstractNioChannel$AbstractNioUnsafe.finishConnect(AbstractNioChannel.java:384)
	at knot//io.netty.channel.nio.AbstractNioChannel$AbstractNioUnsafe.handle(AbstractNioChannel.java:432)
	at knot//io.netty.channel.nio.NioIoHandler$DefaultNioRegistration.handle(NioIoHandler.java:388)
	at knot//io.netty.channel.nio.NioIoHandler.processSelectedKey(NioIoHandler.java:596)
	at knot//io.netty.channel.nio.NioIoHandler.processSelectedKeysOptimized(NioIoHandler.java:571)
	at knot//io.netty.channel.nio.NioIoHandler.processSelectedKeys(NioIoHandler.java:512)
	at knot//io.netty.channel.nio.NioIoHandler.run(NioIoHandler.java:484)
	at knot//io.netty.channel.SingleThreadIoEventLoop.runIo(SingleThreadIoEventLoop.java:225)
	at knot//io.netty.channel.SingleThreadIoEventLoop.run(SingleThreadIoEventLoop.java:196)
	at knot//io.netty.util.concurrent.SingleThreadEventExecutor$5.run(SingleThreadEventExecutor.java:1193)
	at knot//io.netty.util.internal.ThreadExecutorMap$2.run(ThreadExecutorMap.java:74)
	at java.base/java.lang.Thread.run(Thread.java:1583)
[19:45:47] [Render thread/INFO] (Minecraft) Connecting to 10.148.101.192, 60627
[19:45:47] [Download-8/ERROR] (Minecraft) Failed to retrieve profile key pair
com.mojang.authlib.exceptions.MinecraftClientHttpException: Status: 401
	at knot//com.mojang.authlib.minecraft.client.MinecraftClient.readInputStream(MinecraftClient.java:103)
	at knot//com.mojang.authlib.minecraft.client.MinecraftClient.post(MinecraftClient.java:64)
	at knot//com.mojang.authlib.yggdrasil.YggdrasilUserApiService.getKeyPair(YggdrasilUserApiService.java:61)
	at knot//net.minecraft.client.multiplayer.AccountProfileKeyPairManager.fetchProfileKeyPair(AccountProfileKeyPairManager.java:128)
	at knot//net.minecraft.client.multiplayer.AccountProfileKeyPairManager.method_44291(AccountProfileKeyPairManager.java:77)
	at java.base/java.util.concurrent.CompletableFuture$AsyncSupply.run(CompletableFuture.java:1768)
	at java.base/java.util.concurrent.ThreadPoolExecutor.runWorker(ThreadPoolExecutor.java:1144)
	at java.base/java.util.concurrent.ThreadPoolExecutor$Worker.run(ThreadPoolExecutor.java:642)
	at java.base/java.lang.Thread.run(Thread.java:1583)
[19:45:47] [IO-Worker-3/WARN] (Minecraft) Failed to log in: Invalid session (Try restarting your game and the launcher)
[19:45:48] [Render thread/INFO] (Minecraft) Loaded 19 advancements
[19:45:48] [Download-8/ERROR] (Minecraft) Failed to retrieve profile key pair
com.mojang.authlib.exceptions.MinecraftClientHttpException: Status: 401
	at knot//com.mojang.authlib.minecraft.client.MinecraftClient.readInputStream(MinecraftClient.java:103)
	at knot//com.mojang.authlib.minecraft.client.MinecraftClient.post(MinecraftClient.java:64)
	at knot//com.mojang.authlib.yggdrasil.YggdrasilUserApiService.getKeyPair(YggdrasilUserApiService.java:61)
	at knot//net.minecraft.client.multiplayer.AccountProfileKeyPairManager.fetchProfileKeyPair(AccountProfileKeyPairManager.java:128)
	at knot//net.minecraft.client.multiplayer.AccountProfileKeyPairManager.method_44291(AccountProfileKeyPairManager.java:77)
	at java.base/java.util.concurrent.CompletableFuture$AsyncSupply.run(CompletableFuture.java:1768)
	at java.base/java.util.concurrent.ThreadPoolExecutor.runWorker(ThreadPoolExecutor.java:1144)
	at java.base/java.util.concurrent.ThreadPoolExecutor$Worker.run(ThreadPoolExecutor.java:642)
	at java.base/java.lang.Thread.run(Thread.java:1583)
[19:47:41] [Render thread/INFO] (Minecraft) [System] [CHAT] [Shamallow_: Teleported Shamallow_ to 0.500000, 167.000000, 0.500000]
[19:48:16] [Render thread/INFO] (Minecraft) [System] [CHAT] [Meteor] Added Shamallow_ to friends.
[19:48:19] [Render thread/INFO] (Minecraft) [System] [CHAT] [Meteor] [Stasis Protection] Unrequested teleport, 458 blocks. Checking who is here.
[19:48:22] [Render thread/INFO] (Minecraft) [System] [CHAT] [Meteor] [Stasis Protection] Nobody turned up. Staying put.
[19:51:42] [Render thread/INFO] (Minecraft) [System] [CHAT] [Meteor] [Stasis Protection] Unrequested teleport, 66 blocks. Checking who is here.
[19:51:44] [Render thread/INFO] (Minecraft) [System] [CHAT] [Meteor] [Stasis Protection] Nobody turned up. Staying put.
[19:51:55] [Render thread/INFO] (Minecraft) [System] [CHAT] [Meteor] [Stasis Protection] Unrequested teleport, 47 blocks. Checking who is here.
[19:51:58] [Render thread/INFO] (Minecraft) [System] [CHAT] [Meteor] [Stasis Protection] Nobody turned up. Staying put.
[19:52:02] [Render thread/INFO] (Minecraft) [System] [CHAT] [Meteor] [Stasis Protection] Unrequested teleport, 53 blocks. Checking who is here.
[19:52:04] [Render thread/INFO] (Minecraft) [System] [CHAT] [Meteor] [Stasis Protection] Nobody turned up. Staying put.
[19:52:14] [Render thread/INFO] (Minecraft) [System] [CHAT] [Meteor] [Stasis Protection] Unrequested teleport, 53 blocks. Checking who is here.
[19:52:17] [Render thread/INFO] (Minecraft) [System] [CHAT] [Meteor] [Stasis Protection] Nobody turned up. Staying put.
[19:52:23] [Render thread/INFO] (Minecraft) [System] [CHAT] [Meteor] [Stasis Protection] Unrequested teleport, 65 blocks. Checking who is here.
[19:52:25] [Render thread/INFO] (Minecraft) [System] [CHAT] [Meteor] [Stasis Protection] Nobody turned up. Staying put.
[19:52:33] [Render thread/INFO] (Minecraft) [System] [CHAT] [Meteor] [Stasis Protection] Unrequested teleport, 65 blocks. Checking who is here.
[19:52:36] [Render thread/INFO] (Minecraft) [System] [CHAT] [Meteor] [Stasis Protection] Nobody turned up. Staying put.
[19:53:12] [Render thread/INFO] (Minecraft) Stopping!
[19:53:12] [Render thread/INFO] (Meteor Client) Saving
[19:53:12] [Render thread/INFO] (Meteor Client) Saved in 26 milliseconds.
[19:53:12] [Thread-6/INFO] (Meteor Client) Saving
